01-23 17:29:14:124 [ERROR] - [@VDNetLib::Common::Utilities:189] fail to create 
01-23 17:29:14:124 [ERROR] - [@VDNetLib::Common::Utilities:1] fail to create 
01-23 17:29:14:124 [DEBUG] - [@VDNetLib::Common::Utilities:200] fail to create 
